A51 MACRO ASSEMBLER  MAIN                                                                 12/19/2023 13:20:56 PAGE     1


MACRO ASSEMBLER A51 V8.2.7.0
OBJECT MODULE PLACED IN .\Objects\main.obj
ASSEMBLER INVOKED BY: C:\Keil_v5\C51\BIN\A51.EXE main.asm SET(SMALL) DEBUG PRINT(.\Listings\main.lst) OBJECT(.\Objects\m
                      ain.obj) EP

LOC  OBJ            LINE     SOURCE

                       1     
                       2     ;18.设计单片机外扩LCD1602的接口电路。编写程序，在LCD1602上显示：“This is a display program
                             ”。
                       3     
0000                   4                     ORG 0000H
0000 020030            5                 LJMP START
0030                   6                 ORG 0030H
0030 758160            7     START:  MOV SP,#60H
0033 12009C            8     DISP:   LCALL LINIT
0036 753F01            9     DP1:    MOV 3FH,#01H
0039 753E03           10                 MOV 3EH,#03H
003C 9000D8           11                 MOV DPTR,#TAB1
003F 7F09             12                 MOV R7,#9
0041 120054           13                 LCALL DIS0
0044 753F02           14     DP3:    MOV 3FH,#02H
0047 753E01           15                 MOV 3EH,#01H
004A 9000E1           16                 MOV DPTR,#TAB2
004D 7F0F             17                 MOV R7,#15
004F 120054           18                 LCALL DIS0
0052 80E2             19                 SJMP DP1
0054 E4               20     DIS0:   CLR A
0055 93               21                 MOVC A,@A+DPTR
0056 F9               22                 MOV R1,A
0057 1200BB           23                 LCALL WCH
005A 053E             24                 INC 3EH
005C A3               25                 INC DPTR
005D DFF5             26                 DJNZ R7,DIS0
005F 22               27                 RET
0060 7580FF           28     RB:         MOV P0,#0FFH
0063 C292             29                 CLR P1.2
0065 D291             30                 SETB P1.1
0067 D290             31                 SETB P1.0
0069 53807F           32                 ANL P0,#7FH
006C 2087FD           33                 JB P0.7,$
006F C290             34                 CLR P1.0
0071 22               35                 RET
0072 C290             36     WNC:    CLR P1.0
0074 C292             37                 CLR P1.2
0076 8880             38                 MOV P0,R0
0078 C291             39                 CLR P1.1
007A D290             40                 SETB P1.0
007C 00               41                 NOP
007D C290             42                 CLR P1.0
007F 1200D3           43                 LCALL DELAY1
0082 22               44                 RET
0083 1160             45     WCOM:   ACALL RB
0085 120072           46                 LCALL WNC
0088 22               47                 RET
0089 1160             48     WDATA:  ACALL RB
008B C290             49                 CLR P1.0
008D D292             50                 SETB P1.2
008F 8980             51                 MOV P0,R1
0091 C291             52                 CLR P1.1
0093 D290             53                 SETB P1.0
0095 00               54                 NOP
0096 C290             55                 CLR P1.0
0098 1200D3           56                 LCALL DELAY1
A51 MACRO ASSEMBLER  MAIN                                                                 12/19/2023 13:20:56 PAGE     2

009B 22               57                 RET
009C 7838             58     LINIT:  MOV R0,#38H
009E 120072           59                 LCALL WNC
00A1 7838             60                 MOV R0,#38H
00A3 120072           61                 LCALL WNC
00A6 7838             62                 MOV R0,#38H
00A8 120083           63                 LCALL WCOM
00AB 780C             64                 MOV R0,#0CH
00AD 120083           65                 LCALL WCOM
00B0 7806             66                 MOV R0,#06H
00B2 120083           67                 LCALL WCOM
00B5 7801             68                 MOV R0,#01H
00B7 120083           69                 LCALL WCOM
00BA 22               70                 RET
00BB AA3F             71     WCH:    MOV R2,3FH
00BD BA0104           72                 CJNE R2,#01H,WCH1
00C0 7480             73                 MOV A,#80H
00C2 8002             74                 SJMP WCH2
00C4 74C0             75     WCH1:   MOV A,#0C0H
00C6 253E             76     WCH2:   ADD A,3EH
00C8 F8               77                 MOV R0,A
00C9 43E080           78                     ORL ACC,#080H
00CC 120083           79                 LCALL WCOM
00CF 120089           80                 LCALL WDATA
00D2 22               81                 RET
00D3 7EFF             82     DELAY1: MOV R6,#0FFH
00D5 DEFE             83     DY:         DJNZ R6,DY
00D7 22               84                 RET
00D8 54686973         85     TAB1:   DB 'This is a'
00DC 20697320                
00E0 61                      
00E1 64697370         86     TAB2:   DB 'display program'
00E5 6C617920                
00E9 70726F67                
00ED 72616D                  
                      87                 END
A51 MACRO ASSEMBLER  MAIN                                                                 12/19/2023 13:20:56 PAGE     3

SYMBOL TABLE LISTING
------ ----- -------


N A M E             T Y P E  V A L U E   ATTRIBUTES

ACC. . . . . . . .  D ADDR   00E0H   A   
DELAY1 . . . . . .  C ADDR   00D3H   A   
DIS0 . . . . . . .  C ADDR   0054H   A   
DISP . . . . . . .  C ADDR   0033H   A   
DP1. . . . . . . .  C ADDR   0036H   A   
DP3. . . . . . . .  C ADDR   0044H   A   
DY . . . . . . . .  C ADDR   00D5H   A   
LINIT. . . . . . .  C ADDR   009CH   A   
P0 . . . . . . . .  D ADDR   0080H   A   
P1 . . . . . . . .  D ADDR   0090H   A   
RB . . . . . . . .  C ADDR   0060H   A   
SP . . . . . . . .  D ADDR   0081H   A   
START. . . . . . .  C ADDR   0030H   A   
TAB1 . . . . . . .  C ADDR   00D8H   A   
TAB2 . . . . . . .  C ADDR   00E1H   A   
WCH. . . . . . . .  C ADDR   00BBH   A   
WCH1 . . . . . . .  C ADDR   00C4H   A   
WCH2 . . . . . . .  C ADDR   00C6H   A   
WCOM . . . . . . .  C ADDR   0083H   A   
WDATA. . . . . . .  C ADDR   0089H   A   
WNC. . . . . . . .  C ADDR   0072H   A   


REGISTER BANK(S) USED: 0 


ASSEMBLY COMPLETE.  0 WARNING(S), 0 ERROR(S)
