A51 MACRO ASSEMBLER  MAIN                                                                 12/19/2023 13:16:22 PAGE     1


MACRO ASSEMBLER A51 V8.2.7.0
OBJECT MODULE PLACED IN .\Objects\main.obj
ASSEMBLER INVOKED BY: C:\Keil_v5\C51\BIN\A51.EXE main.asm SET(SMALL) DEBUG PRINT(.\Listings\main.lst) OBJECT(.\Objects\m
                      ain.obj) EP

LOC  OBJ            LINE     SOURCE

                       1     
                       2     ;15.利用单片机串行口，用一片74LS164扩展3×8键盘矩阵，P1.0~P1.2作为键盘输入口。
                       3     
                       4     ;   试画出该部分接口逻辑电路图，并编写与之对应的按键识别程序。
                       5     
0000                   6                     ORG 0000H
0000 020100            7                     LJMP START
0100                   8                     ORG 0100H
0100 759800            9     START:  MOV SCON,#00H
0103 758160           10                     MOV SP,#60H
0106 7C00             11                     MOV R4,#00H
0108 74FF             12                     MOV A,#0FFH
010A F580             13                     MOV P0,A
010C 12016B           14                     LCALL DISP
010F 7400             15     ST1:    MOV A,#00H
0111 120163           16                     LCALL VARTO
0114 30800B           17     CHK:    JNB P0.0,CHK0
0117 308108           18                     JNB P0.1,CHK0
011A 308205           19                     JNB P0.2,CHK0
011D 12016B           20                     LCALL DISP
0120 2114             21                     AJMP CHK
0122 120190           22     CHK0:   LCALL DELAY100ms
0125 30800B           23                     JNB P0.0,CHEN
0128 308108           24                     JNB P0.1,CHEN
012B 308205           25                     JNB P0.2,CHEN
012E 12016B           26                     LCALL DISP
0131 2114             27                     AJMP CHK
0133 7AFE             28     CHEN:   MOV R2,#0FEH
0135 7C00             29                     MOV R4,#00H
0137 EA               30     CHKN:   MOV A,R2
0138 120163           31                     LCALL VARTO
013B 208004           32                     JB P0.0,CH1
013E 7400             33                     MOV A,#00H
0140 2150             34                     AJMP CKEY
0142 208104           35     CH1:    JB P0.1,CH2
0145 7408             36                     MOV A,#08H
0147 2150             37                     AJMP CKEY
0149 20820C           38     CH2:    JB P0.2,NEXT
014C 7416             39                     MOV A,#16H
014E 2150             40                     AJMP CKEY
0150 2C               41     CKEY:   ADD A,R4
0151 D4               42                     DA A
0152 FC               43                     MOV R4,A
0153 12016B           44                     LCALL DISP
0156 210F             45                     AJMP ST1
0158 0C               46     NEXT:   INC R4
0159 EA               47                     MOV A,R2
015A 30E704           48                     JNB ACC.7,KEND
015D 23               49                     RL A
015E FA               50                     MOV R2,A
015F 2137             51                     AJMP CHKN
0161 210F             52     KEND:   AJMP ST1
0163 F599             53     VARTO:  MOV SBUF,A
0165 3099FD           54                     JNB TI,$
0168 C299             55                     CLR TI
016A 22               56                     RET
016B EC               57     DISP:   MOV A,R4
A51 MACRO ASSEMBLER  MAIN                                                                 12/19/2023 13:16:22 PAGE     2

016C 540F             58                     ANL A,#0FH
016E F530             59                     MOV 30H,A
0170 EC               60                     MOV A,R4
0171 54F0             61                     ANL A,#0F0H
0173 C4               62                     SWAP A
0174 F531             63                     MOV 31H,A
0176 7831             64                     MOV R0,#31H
0178 7D02             65                     MOV R5,#02H
017A 79FD             66                     MOV R1,#0FDH
017C E9               67     DP2:    MOV A,R1
017D F5A0             68                     MOV P2,A
017F E6               69                     MOV A,@R0
0180 900199           70                     MOV DPTR,#TAB
0183 93               71                     MOVC A,@A+DPTR
0184 F590             72                     MOV P1,A
0186 120190           73                     LCALL DELAY100ms
0189 E9               74                     MOV A,R1
018A 03               75                     RR A
018B F9               76                     MOV R1,A
018C 18               77                     DEC R0
018D DDED             78                     DJNZ R5,DP2
018F 22               79                     RET
0190                  80     DELAY100ms:
0190 7F32             81                     MOV R7,#50
0192 7E64             82     DLY1:   MOV R6,#100
0194 DEFE             83     DLY2:   DJNZ R6,DLY2
0196 DFFA             84                     DJNZ R7,DLY1
0198 22               85                     RET
0199 3F065B4F         86     TAB:    DB 3FH,06H,5BH,4FH,66H,6DH,7DH,07H,7FH,6FH
019D 666D7D07                
01A1 7F6F                    
                      87                     END
A51 MACRO ASSEMBLER  MAIN                                                                 12/19/2023 13:16:22 PAGE     3

SYMBOL TABLE LISTING
------ ----- -------


N A M E             T Y P E  V A L U E   ATTRIBUTES

ACC. . . . . . . .  D ADDR   00E0H   A   
CH1. . . . . . . .  C ADDR   0142H   A   
CH2. . . . . . . .  C ADDR   0149H   A   
CHEN . . . . . . .  C ADDR   0133H   A   
CHK. . . . . . . .  C ADDR   0114H   A   
CHK0 . . . . . . .  C ADDR   0122H   A   
CHKN . . . . . . .  C ADDR   0137H   A   
CKEY . . . . . . .  C ADDR   0150H   A   
DELAY100MS . . . .  C ADDR   0190H   A   
DISP . . . . . . .  C ADDR   016BH   A   
DLY1 . . . . . . .  C ADDR   0192H   A   
DLY2 . . . . . . .  C ADDR   0194H   A   
DP2. . . . . . . .  C ADDR   017CH   A   
KEND . . . . . . .  C ADDR   0161H   A   
NEXT . . . . . . .  C ADDR   0158H   A   
P0 . . . . . . . .  D ADDR   0080H   A   
P1 . . . . . . . .  D ADDR   0090H   A   
P2 . . . . . . . .  D ADDR   00A0H   A   
SBUF . . . . . . .  D ADDR   0099H   A   
SCON . . . . . . .  D ADDR   0098H   A   
SP . . . . . . . .  D ADDR   0081H   A   
ST1. . . . . . . .  C ADDR   010FH   A   
START. . . . . . .  C ADDR   0100H   A   
TAB. . . . . . . .  C ADDR   0199H   A   
TI . . . . . . . .  B ADDR   0098H.1 A   
VARTO. . . . . . .  C ADDR   0163H   A   


REGISTER BANK(S) USED: 0 


ASSEMBLY COMPLETE.  0 WARNING(S), 0 ERROR(S)
