A51 MACRO ASSEMBLER  MAIN                                                                 12/19/2023 12:59:14 PAGE     1


MACRO ASSEMBLER A51 V8.2.7.0
OBJECT MODULE PLACED IN .\Objects\main.obj
ASSEMBLER INVOKED BY: C:\Keil_v5\C51\BIN\A51.EXE main.asm SET(SMALL) DEBUG PRINT(.\Listings\main.lst) OBJECT(.\Objects\m
                      ain.obj) EP

LOC  OBJ            LINE     SOURCE

                       1     
                       2     ;13.设计一个8051单片机外扩键盘和显示器电路，要求扩展8个键，4位LED显示器。
                       3     
0000                   4                     ORG 0000H
0000 020030            5                     LJMP START
0030                   6                     ORG 0030H
0030 758160            7     START:  MOV SP,#60H
0033 907F00            8                     MOV DPTR,#7F00H
0036 7403              9                     MOV A,#03H
0038 F0               10                     MOVX @DPTR,A
0039 7C00             11                     MOV R4,#00H
003B 12009D           12     ZX:             LCALL DISP8155
003E 120043           13                     LCALL KEY
0041 80F8             14                     SJMP ZX
0043 1191             15     KEY:    ACALL KS1
0045 7003             16                     JNZ LK1
0047 119D             17                     ACALL DISP8155
0049 22               18                     RET
004A 119D             19     LK1:    ACALL DISP8155
004C 119D             20                     ACALL DISP8155
004E 1191             21                     ACALL KS1
0050 7001             22                     JNZ LK2
0052 22               23                     RET
0053 7A01             24     LK2:    MOV R2,#01H
0055 7C00             25                     MOV R4,#00H
0057 907F02           26     LK3:    MOV DPTR,#7F02H
005A EA               27                     MOV A,R2
005B F0               28                     MOVX @DPTR,A
005C A3               29                     INC DPTR
005D E0               30                     MOVX A,@DPTR
005E 20E004           31                     JB ACC.0,LONE
0061 7400             32                     MOV A,#00H
0063 017A             33                     AJMP LKP
0065 20E104           34     LONE:   JB ACC.1,LTWO
0068 7402             35                     MOV A,#02H
006A 017A             36                     AJMP LKP
006C 20E204           37     LTWO:   JB ACC.2,LTHR
006F 7404             38                     MOV A,#04H
0071 017A             39                     AJMP LKP
0073 20E311           40     LTHR:   JB ACC.3,NEXT
0076 7406             41                     MOV A,#06H
0078 017A             42                     AJMP LKP
007A 2C               43     LKP:    ADD A,R4
007B FC               44                     MOV R4,A
007C C0E0             45                     PUSH ACC
007E 119D             46     LK4:    ACALL DISP8155
0080 1191             47                     ACALL KS1
0082 70FA             48                     JNZ LK4
0084 D0E0             49                     POP ACC
0086 22               50                     RET
0087 0C               51     NEXT:   INC R4
0088 EA               52                     MOV A,R2
0089 20E104           53                     JB ACC.1,KND
008C 23               54                     RL A
008D FA               55                     MOV R2,A
008E 0157             56                     AJMP LK3
0090 22               57     KND:    RET
A51 MACRO ASSEMBLER  MAIN                                                                 12/19/2023 12:59:14 PAGE     2

0091 907F02           58     KS1:    MOV DPTR,#7F02H
0094 74FF             59                     MOV A,#0FFH
0096 F0               60                     MOVX @DPTR,A
0097 A3               61                     INC DPTR
0098 E0               62                     MOVX A,@DPTR
0099 44F0             63                     ORL A,#0F0H
009B F4               64                     CPL A
009C 22               65                     RET
009D                  66     DISP8155:
009D 753100           67                     MOV 31H,#00H
00A0 753200           68                     MOV 32H,#00H
00A3 753300           69                     MOV 33H,#00H
00A6 EC               70                     MOV A,R4
00A7 F530             71                     MOV 30H,A
00A9 7833             72                     MOV R0,#33H
00AB 7D04             73                     MOV R5,#04H
00AD 7908             74                     MOV R1,#08H
00AF 907F02           75     DP2:    MOV DPTR,#7F02H
00B2 E9               76                     MOV A,R1
00B3 F0               77                     MOVX @DPTR,A
00B4 E6               78                     MOV A,@R0
00B5 9000D5           79                     MOV DPTR,#TAB
00B8 93               80                     MOVC A,@A+DPTR
00B9 907F01           81                     MOV DPTR,#7F01H
00BC F0               82                     MOVX @DPTR,A
00BD 1200C7           83                     LCALL DELAY
00C0 E9               84                     MOV A,R1
00C1 03               85                     RR A
00C2 F9               86                     MOV R1,A
00C3 18               87                     DEC R0
00C4 DDE9             88                     DJNZ R5,DP2
00C6 22               89                     RET
00C7 7EFF             90     DELAY:  MOV R6,#0FFH
00C9 DEFE             91     DY:             DJNZ R6,DY
00CB 22               92                     RET
00CC 7F1E             93     DELAY1: MOV R7,#30
00CE 7EC8             94     DL1:    MOV R6,#200
00D0 DEFE             95     DL2:    DJNZ R6,DL2
00D2 DFFA             96                     DJNZ R7,DL1
00D4 22               97                     RET
00D5 C0F9A4B0         98     TAB:    DB 0C0H,0F9H,0A4H,0B0H,99H,92H,82H,0F8H,80H,90H
00D9 999282F8                
00DD 8090                    
                      99                     END
A51 MACRO ASSEMBLER  MAIN                                                                 12/19/2023 12:59:14 PAGE     3

SYMBOL TABLE LISTING
------ ----- -------


N A M E             T Y P E  V A L U E   ATTRIBUTES

ACC. . . . . . . .  D ADDR   00E0H   A   
DELAY. . . . . . .  C ADDR   00C7H   A   
DELAY1 . . . . . .  C ADDR   00CCH   A   
DISP8155 . . . . .  C ADDR   009DH   A   
DL1. . . . . . . .  C ADDR   00CEH   A   
DL2. . . . . . . .  C ADDR   00D0H   A   
DP2. . . . . . . .  C ADDR   00AFH   A   
DY . . . . . . . .  C ADDR   00C9H   A   
KEY. . . . . . . .  C ADDR   0043H   A   
KND. . . . . . . .  C ADDR   0090H   A   
KS1. . . . . . . .  C ADDR   0091H   A   
LK1. . . . . . . .  C ADDR   004AH   A   
LK2. . . . . . . .  C ADDR   0053H   A   
LK3. . . . . . . .  C ADDR   0057H   A   
LK4. . . . . . . .  C ADDR   007EH   A   
LKP. . . . . . . .  C ADDR   007AH   A   
LONE . . . . . . .  C ADDR   0065H   A   
LTHR . . . . . . .  C ADDR   0073H   A   
LTWO . . . . . . .  C ADDR   006CH   A   
NEXT . . . . . . .  C ADDR   0087H   A   
SP . . . . . . . .  D ADDR   0081H   A   
START. . . . . . .  C ADDR   0030H   A   
TAB. . . . . . . .  C ADDR   00D5H   A   
ZX . . . . . . . .  C ADDR   003BH   A   


REGISTER BANK(S) USED: 0 


ASSEMBLY COMPLETE.  0 WARNING(S), 0 ERROR(S)
